<html>
<body>
<pre>
<h1>µVision Build Log</h1>
<h2>Project:</h2>
C:\Users\Rebecca Wong\Documents\GitHub\lab4_baumli_wong\Lab4.uvproj
Project File Date:  02/27/2017

<h2>Output:</h2>
Build target 'Lab4'
assembling SysTick.s...
linking...
Program Size: Code=2232 RO-data=240 RW-data=308 ZI-data=1084  
".\Lab4.axf" - 0 Error(s), 0 Warning(s).
 to list image symbols.
Finished: 1 information, 0 warning and 1 error messages.
".\Lab4.axf" - 1 Error(s), 0 Warning(s).
Target not created

main.s(57): error: A1163E: Unknown opcode TimePt , expecting opcode or Macro
main.s(58): error: A1163E: Unknown opcode NEntries , expecting opcode or Macro
".\Lab4.axf" - 5 Error(s), 0 Warning(s).
Target not created
 Bad symbol 'NEntries', not defined or external
main.s(163): error: A1516E: Bad symbol 'NVIC_ST_CURRENT_R', not defined or external
main.s(169): error: A1516E: Bad symbol 'DataPt', not defined or external
main.s(174): error: A1516E: Bad symbol 'TimePt', not defined or external
".\Lab4.axf" - 10 Error(s), 0 Warning(s).
Target not created
