<html>
<body>
<pre>
<h1>µVision Build Log</h1>
<h2>Project:</h2>
C:\Users\Rebecca Wong\Documents\GitHub\lab4_baumli_wong\Lab4.uvproj
Project File Date:  02/27/2017

<h2>Output:</h2>
Build target 'Lab4'
linking...
Program Size: Code=2388 RO-data=240 RW-data=308 ZI-data=1084  
".\Lab4.axf" - 0 Error(s), 0 Warning(s).
Connecting: Mode=JTAG, Speed=1000000Hz
Full Chip Erase Done.
Load "C:\\Users\\Rebecca Wong\\Documents\\GitHub\\lab4_baumli_wong\\Lab4.axf" 
Connecting: Mode=JTAG, Speed=1000000Hz
Erase Done.
Programming Done.
Verify OK.
" 
Connecting: Mode=JTAG, Speed=1000000Hz
Erase Done.
Programming Done.
Verify OK.
